2025-09-10 01:17:05,926 - INFO - Ingesting begin_inventory.csv into database as table begin_inventory
2025-09-10 01:17:10,700 - INFO - Table 'begin_inventory' created successfully.
2025-09-10 01:17:11,307 - INFO - Ingesting end_inventory.csv into database as table end_inventory
2025-09-10 01:17:16,853 - INFO - Table 'end_inventory' created successfully.
2025-09-10 01:17:28,249 - INFO - Ingesting purchases.csv into database as table purchases
2025-09-10 01:19:01,404 - INFO - Table 'purchases' created successfully.
2025-09-10 01:19:01,729 - INFO - Ingesting purchase_prices.csv into database as table purchase_prices
2025-09-10 01:19:02,043 - INFO - Table 'purchase_prices' created successfully.
2025-09-10 01:19:40,632 - INFO - Ingesting sales.csv into database as table sales
2025-09-10 01:34:01,368 - INFO - Table 'sales' created successfully.
2025-09-10 01:34:02,407 - INFO - Ingesting vendor_invoice.csv into database as table vendor_invoice
2025-09-10 01:34:02,513 - INFO - Table 'vendor_invoice' created successfully.
2025-09-10 01:34:02,513 - INFO - -------- Ingestion Complete -------
2025-09-10 01:34:02,513 - INFO - Total Time Taken: 16.95 minutes
2025-09-13 01:27:26,667 - INFO - creating Vendor Summery Table....
2025-09-13 01:30:40,171 - INFO - Vendor Summary Table created
2025-09-13 01:30:40,200 - INFO -                     VendorName  VendorNumber  Brand              Description  \
0  BROWN-FORMAN CORP                    1128   1233  Jack Daniels No 7 Black   
1        MARTIGNETTI COMPANIES          4425   3405    Tito's Handmade Vodka   
2  PERNOD RICARD USA                   17035   8068         Absolut 80 Proof   
3  DIAGEO NORTH AMERICA INC             3960   4261   Capt Morgan Spiced Rum   
4  DIAGEO NORTH AMERICA INC             3960   3545          Ketel One Vodka   

   PurchasePrice  ActualPrice Volume  TotalPurchaseQuantity  \
0          26.27        36.99   1750                 145080   
1          23.19        28.99   1750                 164038   
2          18.24        24.99   1750                 187407   
3          16.17        22.99   1750                 201682   
4          21.89        29.99   1750                 138109   

   TotalPurchaseDollars  TotalSalesQuantity  TotalSalesDollars  \
0            3811251.60            142049.0         5101919.51   
1            3804041.22            160247.0         4819073.49   
2            3418303.68            187140.0         4538120.60   
3            3261197.94            200412.0         4475972.88   
4            3023206.01            135838.0         4223107.62   

   TotalSalesPrice  TotalExciseTax  FreightCost  
0        672819.31       260999.20     68601.68  
1        561512.37       294438.66    144929.24  
2        461140.15       343854.07    123780.22  
3        420050.01       368242.80    257032.07  
4        545778.28       249587.83    257032.07  
2025-09-13 01:30:40,211 - INFO - Cleaning Data...
2025-09-13 01:30:40,226 - INFO -                  VendorName  VendorNumber  Brand              Description  \
0         BROWN-FORMAN CORP          1128   1233  Jack Daniels No 7 Black   
1     MARTIGNETTI COMPANIES          4425   3405    Tito's Handmade Vodka   
2         PERNOD RICARD USA         17035   8068         Absolut 80 Proof   
3  DIAGEO NORTH AMERICA INC          3960   4261   Capt Morgan Spiced Rum   
4  DIAGEO NORTH AMERICA INC          3960   3545          Ketel One Vodka   

   PurchasePrice  ActualPrice  Volume  TotalPurchaseQuantity  \
0          26.27        36.99  1750.0                 145080   
1          23.19        28.99  1750.0                 164038   
2          18.24        24.99  1750.0                 187407   
3          16.17        22.99  1750.0                 201682   
4          21.89        29.99  1750.0                 138109   

   TotalPurchaseDollars  TotalSalesQuantity  TotalSalesDollars  \
0            3811251.60            142049.0         5101919.51   
1            3804041.22            160247.0         4819073.49   
2            3418303.68            187140.0         4538120.60   
3            3261197.94            200412.0         4475972.88   
4            3023206.01            135838.0         4223107.62   

   TotalSalesPrice  TotalExciseTax  FreightCost  GrossProfit  ProfitMargin  \
0        672819.31       260999.20     68601.68   1290667.91     33.864673   
1        561512.37       294438.66    144929.24   1015032.27     26.682999   
2        461140.15       343854.07    123780.22   1119816.92     32.759433   
3        420050.01       368242.80    257032.07   1214774.94     37.249347   
4        545778.28       249587.83    257032.07   1199901.61     39.689707   

   StockTurnover  SalesToPurchaseRatio  
0       0.037271              1.338647  
1       0.042125              1.266830  
2       0.054746              1.327594  
3       0.061453              1.372493  
4       0.044932              1.396897  
2025-09-13 01:30:40,245 - INFO - Ingesting data...
2025-09-13 01:30:40,408 - INFO - Table 'vendor_sales_summery' created successfully.
2025-09-13 01:30:40,408 - INFO - Completed
